data:image/png;base64,iVBORw0KGgoAAAANSUhEUgAAA5EAAADICAYAAABxu2UdAAAgAElEQVR4Xu2db6xcx3mf37NrmjeQSCFNFFYWrQ+2PlQylUC0Y5kUChqpSdmS00CgGDJIgLSmd3MB9doW3UCFAZMincQkUJMuGAnUrmnALQRTplnIRkJbtAKIqE2KqdKmQciAgtI/DkWV8hdZgqrdEnenmOuzt0fr/TPn7nv2zJl59EW6986+877P+9Ps+e3MOZsI/0AAAhCAAAQgAAEIQAACEIAABBwJJI7jGAYBCEAAAhCAAAQgAAEIQAACEBBMJCKAAAQgAAEIQAACEIAABCAAAWcCmEhnVAyEAAQgAAEIQAACEIAABCAAAUwkGoAABCAAAQhAAAIQgAAEIAABZwKYSGdUDIQABCAAAQhAAAIQgAAEIAABTCQagAAEIAABCEAAAhCAAAQgAAFnAphIZ1QMhAAEIAABCEAAAhCAAAQgAAFMJBqAAAQgAAEIQAACEIAABCAAAWcCmEhnVAyEAAQgAAEXAuZTX3rMZVypYxL56+T4F58pNQcmhwAEIAABCFSUACayoo0jbQhAAAK+EjC7/+i7YuRVX/OTRN4vYv50lIlcWFhY2+12T4jIfmPM+iRJdrRarV2u9TSbzXtE5FkRuckY81C73T5lX5v+/qSI2HgX+vFG/T47X7PZPGGMudRutw+45sE4CEAAAhCAQFEEMJFFkSUuBCAAgUgJLJnIxJwVMc97icDUDo0zkamp27d69epdnU7nc7aGPOat0WhsH2Y8rTntdDqnReRMNl6j0dgrItvm5ubuP3r06BvDmGEivVQSSUEAAhCIlgAmMtrWUzgEIACBYghU1URmdxAHyWR3FPt/S83it+3PxpgfWRPY6XS2Jknyjt9ljeGgYRw0ltYsisjONOY+azbta5Ik2Z/93bBx9u/ZnETkx7VabfOxY8deKabTRIUABCAAgVgJYCJj7Tx1QwACECiIQFVNZMYc2p1BmZub+2r/WGv2+Kn9W99wGmN2z83N/cDuMCZJcsUee7VGTkQeGbazOHh0Nf35a7Va7eOLi4u7kyTZbY1fr9dbb4/E2vj2OGx2JzJrRLvd7h39cfV6/YVer/d9Efm0zTcdl2sXtSBJEBYCEIAABAIjgIkMrKGUAwEIQKBsAlU3kalhO2lN2eLi4tP1en3n4G7eoFFMdwAPWwO4uLj4kVEmMrPzeMSaw3SX8U5rPgePrKa7jZL9mzW2g0di+6+r1+vHsyaybB0wPwQgAAEIhEsAExlub6kMAhCAQCkEqmoi8xxnHTyWOrCjONJE2ob0jWOtVvt8r9c7Z4zZ09/NzN4vOcxg9k1kkiT3DjT36dRsZh/qs3TEdtR9lqWIg0khAAEIQCAIApjIINpIERCAAAT8IVBVE2kJuj5UZ6U7kamJtA/eOWyMOWyf1No3ejl3Ipd2Msd1PWtC/VEHmUAAAhCAQAgEMJEhdJEaIAABCHhEoMomMvtk1f6x1mFmbaX3RNo2zc/P32p3IEXkNmPM0sNzMjuUue6JvH79+pp0N/N4kiT2a0WW7q+0x2+5J9Kj/ylIBQIQgEBgBDCRgTWUciAAAQiUTaDiJnLiQ3X6fIc9ndUeHR33YJ3+a9P7HT8uIvcNfGfkzz2dNWMw7fdWLpnO7NNZRWTpKGt2nP3v/hNjOc5a9v8RzA8BCEAgPAKYyPB6SkUQgAAESiVQZRNZKjgmhwAEIAABCFSEACayIo0iTQhAAAJVIYCJrEqnyBMCEIAABCCwMgKYyJVx41UQgAAEIDCCwJKJNPKqt4ASeb+I+dPk+Bef8TZHEoMABCAAAQh4TAAT6XFzSA0CEIBAFQmYT/3xvp/l3Vvhe0zNrPy1jsQS+WtMpCMrhkEAAhCAAAQGCKzwDR6OEIAABCAAAQhAAAIQgAAEIBAjAUxkjF2nZghAAAIQgAAEIAABCEAAAiskgIlcITheBgEIQAACEIAABCAAAQhAIEYCI03kwsLC2k6nczpJknstmMHvm7JfYpwkyf70bw8N+zLmGIFSMwQgAAEIQAACEIAABCAAgZAJjDSR1iTawu2XGvcNpYicsT+nX7B8uFarbe71eutF5KSI7Mh+YXLI0KgNAhCAAAQgAAEIQAACEIBArAScj7OmpnLb3Nzc/Z1O53NJktzZarV2DRrMWEFSNwQgAAEIQAACEIAABCAAgRgIOJvIZrN5wgKxxtH+tzHmkt2VtL/L/i0GaNQIAQhAAAIQgAAEIAABCEAgVgJOJjJ7fHXVqlVv2nsl+0dbMZGxSoe6IQABCEAAAhCAAAQgAIEYCUw0kamBPC4i9/XveWQnMkapUDMEIAABCEAAAhCAAAQgAAGRsSYyfQLrbvsAnWPHjr3SB5b+ftg9kU+KSN0B7CYROe8wjiEQGEdgnYhcAxEEFAigJQWIhFgigJYQghYBtKRFkjhoCQ1oErhqg417Ouv2JEmWnsCaNZD2RQpPZ90uIqc0qyFWlATeIyJLQuYfCExJAC1NCZCXLxNAS4hBiwBa0iJJHLSEBrQILGtppIlMH5azMztj9rsip/yeSEykVivjjsOiGHf/NatHS5o0446FluLuv2b1aEmTZtyx0FLc/desfrKJ1JxtSCxMZMGAIwnPohhJo2dQJlqaAeRIpkBLkTR6BmWipRlAjmQKtBRJo2dQJiZyBpCZongCLIrFM45lBrQUS6eLrxMtFc84lhnQUiydLr5OtFQ841hmwETG0unA62RRDLzBMywPLc0QduBToaXAGzzD8tDSDGEHPhVaCrzBMywPEzlD2ExVHAH1RfEDj118d3HpElmTwMXHPvB/FeOpa0kxN0JViwBaqla/fM4WLfncnWrlhpaq1S+fs8VE+twdcnMmoL4ofvgbP/mKJLLHOQMGlkIgqdXuu/B7v3RGcXJ1LSnmRqhqEUBL1eqXz9miJZ+7U63c0FK1+uVztvlMpH1SqzHmUrvdPtCvKvv0VmPMQ+12O89XdvBgHZ/lUZ3c1BdFayJNIjfWetKqDoa4MjWJPJnUa1/ARMbV9wpVq74uVah2UtUlgJZ0ecYcDS3F3H3d2t1NZN8sGmP29U2k/XoPEdk2Nzd3f7fbvUNETorIjlardcExT0ykIyiGjSWgvihiIv1XHCbS/x5FnqH6uhQ5z5jLR0sxd1+3drSkyzPmaJNN5MLCwtpOp3M6SZIrllR2JzI1ltJqtXbNz8/f2uv1zhlj9uTYjcRExiw/vdrVF0VMpF5zioqEiSyKLHGVCKivS0p5EaZ6BNBS9Xrma8ZoydfOVC+vySYyW9PgcdZGo7E9SZLDtVptc6/XW89OZPUUEEjG6osiJtJ/ZWAi/e9R5Bmqr0uR84y5fLQUc/d1a0dLujxjjjadibTkUiP5bRH5sTWTx44deyUHUXYic8Bi6EgC6osiJtJ/tWEi/e9R5Bmqr0uR84y5fLQUc/d1a0dLujxjjjadiRxznPWHIlJ3ILtJRM47jGMIBMYRWCci1zQRbXz8pb1Sr9/w1uULT2nGJZYegTUbthx6+8rFgxf3bTurF1XUtaSYG6GqRQAtVatfPmeLlnzuTrVyQ0vV6pfv2V61CSYuWWaPsw67BzJrKl3iiQg7kY6gGDaWgPona+xE+q84diL971HkGaqvS5HzjLl8tBRz93VrR0u6PGOOVshO5PHsV4BMoIuJjFl+erWrL4qYSL3mFBUJE1kUWeIqEVBfl5TyIkz1CKCl6vXM14zRkq+dqV5e05nIzJNb701rf9o+qTUHB0xkDlgMHUlAfVHERPqvNkyk/z2KPEP1dSlynjGXj5Zi7r5u7WhJl2fM0fKZyAJIYSILgBphSPVFERPpv4owkf73KPIM1delyHnGXD5airn7urWjJV2eMUfDRMbc/YBqV18UMZH+qwMT6X+PIs9QfV2KnGfM5aOlmLuvWzta0uUZczRMZMzdD6h29UURE+m/OjCR/vco8gzV16XIecZcPlqKufu6taMlXZ4xR8NExtz9gGpXXxQxkf6rAxPpf48iz1B9XYqcZ8zlo6WYu69bO1rS5RlzNExkzN0PqHb1RRET6b86MJH+9yjyDNXXpch5xlw+Woq5+7q1oyVdnjFHy2cis98T2afWaDT2JkmyP/2Zp7PGLKfyaldfFDGR5TXTdWZMpCspxpVEQH1dKqkOpi2fAFoqvwehZICWQulk+XW4m0hrIEVkpzFmX/97IBuNxvYkSQ7XarXNq1aterPT6ZwWkSPtdvuUY208ndURFMPGElBfFDGR/isOE+l/jyLPUH1dipxnzOWjpZi7r1s7WtLlGXO0ySYy812QVywpY8ylvolMdyZP5jCNg7AxkTHLT6929UURE6nXnKIiYSKLIktcJQLq65JSXoSpHgG0VL2e+ZoxWvK1M9XLa7KJzNaUPc5qzWW327W7k5dE5PPpOI6zVk8EIWSsvihiIv2XBSbS/x5FnqH6uhQ5z5jLR0sxd1+3drSkyzPmaNOZyPT4qszNzd1//fr1Nb1e75wxZk+OnUl2ImOWn17t6osiJlKvOUVFwkQWRZa4SgTU1yWlvAhTPQJoqXo98zVjtORrZ6qXl4qJXL4HMr1vUlqt1mdFpO7AY5OInHcYxxAIjCOwTkSuaSLa+PhLe6Vev+Gtyxee0oxLLD0CazZsOfT2lYsHL+7bdlYvqqhrSTE3QlWLAFqqVr98zhYt+dydauWGlqrVL9+zvWoTTFyyHHw667CfbZxWq7XLJZ6IsBPpCIphYwmof7LGTqT/imMn0v8eRZ6h+roUOc+Yy0dLMXdft3a0pMsz5mgr34m01OzTWUXkEXuctdvt3iEizxpjdnOcNWZNlVK7+qKIiSylj7kmxUTmwsXg2RNQX5dmXwIzekIALXnSiADSQEsBNNGTEqYzkamRXP6eyOzXfzgWyE6kIyiGsROJBt5JABOJIjwnwMWa5w2qUHpoqULN8jxVtOR5gyqUXj4TWUBhmMgCoEYYUn1RZCfSfxVhIv3vUeQZqq9LkfOMuXy0FHP3dWtHS7o8Y46GiYy5+wHVrr4oYiL9Vwcm0v8eRZ6h+roUOc+Yy0dLMXdft3a0pMsz5miYyJi7H1Dt6osiJtJ/dWAi/e9R5Bmqr0uR84y5fLQUc/d1a0dLujxjjoaJjLn7AdWuvihiIv1XBybS/x5FnqH6uhQ5z5jLR0sxd1+3drSkyzPmaJjImLsfUO3qiyIm0n91YCL971HkGaqvS5HzjLl8tBRz93VrR0u6PGOOls9EDn4vZJZco9HYKyLb7Nd9HD169A1HqjxYxxEUw8YSUF8UMZH+Kw4T6X+PIs9QfV2KnGfM5aOlmLuvWzta0uUZczR3E2kNpIjsHPY1Hs1m8570OyL/FhMZs55Kq119UcREltZL54kxkc6oGFgOAfV1qZwymNUDAmjJgyYEkgJaCqSRHpQx2UQuLCys7XQ6p5MkuWITNsZcarfbB/rJ2793u11rMO3f1mIiPWhrfCmoL4qYSP9FhIn0v0eRZ6i+LkXOM+by0VLM3detHS3p8ow52mQTmaUz7DirPcaaJMmd1lxynDVmLZVau/qiiIkstZ9Ok2MinTAxqDwC6utSeaUwc8kE0FLJDQhoerQUUDNLLmU6Ezk/P3/r4uLi0/V6fefi4uJuTGTJ7Yx3evVFERPpv5gwkf73KPIM1delyHnGXD5airn7urWjJV2eMUebzkSmO5Mn2+32qYEH6/yCiNQdyG4SkfMO4xgCgXEE1onINU1EGx9/aa/U6ze8dfnCU5pxiaVHYM2GLYfevnLx4MV9287qRRV1LSnmRqhqEUBL1eqXz9miJZ+7U63c0FK1+uV7tldtgolLltnjrHYXstfrnROR27KvNcb8KMd9kTyd1QU8YyYRUP9kjZ3IScjL/zs7keX3gAzGElBfl+AdLQG0FG3r1QtHS+pIow043U5kFhtf8RGtiHwoXH1RxET60NbxOWAi/e9R5Bmqr0uR84y5fLQUc/d1a0dLujxjjoaJjLn7AdWuvihiIv1XBybS/x5FnqH6uhQ5z5jLR0sxd1+3drSkyzPmaPlMZAGkOM5aANQIQ6oviphI/1WEifS/R5FnqL4uRc4z5vLRUszd160dLenyjDkaJjLm7gdUu/qiiIn0Xx2YSP97FHmG6utS5DxjLh8txdx93drRki7PmKNhImPufkC1qy+KmEj/1YGJ9L9HkWeovi5FzjPm8tFSzN3XrR0t6fKMORomMubuB1S7+qKIifRfHZhI/3sUeYbq61LkPGMuHy3F3H3d2tGSLs+Yo+Uzkdmv+LDUms3mPSLyrIjcZH82xuxrt9sHchDlnsgcsBg6koD6ooiJ9F9tmEj/exR5hurrUuQ8Yy4fLcXcfd3a0ZIuz5ijuZtIayBFZGffKC4sLKztdrv2d/tbrdaF1FCeFJEd9mdHqphIR1AMG0tAfVHERPqvOEyk/z2KPEP1dSlynjGXj5Zi7r5u7WhJl2fM0SabSGsWO53O6SRJrqS7jZeG7Tb2x4nImRy7kZjImOWnV7v6ooiJ1GtOUZEwkUWRJa4SAfV1SSkvwlSPAFqqXs98zRgt+dqZ6uU12URmaxo8zpr92/z8/K29Xu+cMWZPu90+5cgCE+kIimHsRKKBdxLARKIIzwlwseZ5gyqUHlqqULM8TxUted6gCqWnZyLT467SarV25QCAicwBi6EjCagviuxE+q82TKT/PYo8Q/V1KXKeMZePlmLuvm7taEmXZ8zRdExkukO5fm5u7v6jR4++kYMoJjIHLIZiItHA/yeAiUQNnhPgYs3zBlUoPbRUoWZ5nipa8rxBFUpvOhOZvV9yYAdynYjUHUBsEpHzDuOchrz44MNbN9z0y484DWZQaQT+7vWffPXuZ544o5iA1ds1xXiy8fGX9kq9fsNbly88pRmXWHoE1mzYcujtKxcPXty37axeVFHXkmJuhKoWAbRUrX75nC1a8rk71coNLVWrX75ne9UmmLhkOeQrPuzTWfMeYc1OpboTaRp/8knpLT4miWm51MOYEgiYpClGDiRf/+J3FWdX/2SN46yK3SkoFDuRBYElrBYB9XVJKzHiVI4AWqpcy7xNGC1525rKJbbyncj+g3RE5LZs2Tm/K7IoE/kHlWtFLAmb5ElMZCzNLrZOTGSxfIk+NQEu1qZGSICUAFpCCloE0JIWSeLkM5EF8MJEFgDV65CYSK/bU6XkMJFV6laUuXKxFmXbCykaLRWCNcqgaCnKthdSNCayEKwEHU0AE4k6lAhgIpVAEqYoAlysFUU2vrhoKb6eF1UxWiqKbHxxMZHx9bzkijGRJTcgnOkxkeH0MtBKuFgLtLEllIWWSoAe6JRoKdDGllAWJrIE6HFPiYmMu/+K1WMiFWESqggCXKwVQTXOmGgpzr4XUTVaKoJqnDExkXH2vcSqMZElwg9rakxkWP0MsBou1gJsakkloaWSwAc4LVoKsKkllZTPRA5+xYdNutFo7E2SZL/9b2PMQ+12+1SOYniwTg5YQQzFRAbRRh+KwET60AVyGEOAizXkoUUALWmRJA5aQgNaBNxNpDWQIrIz+xUejUZje5Ikh2u12uZer7deRE6KyI5Wq3XBMUNMpCOoYIZhIoNpZdmFYCLL7gDzTyDAxRoS0SKAlrRIEgctoQEtApNN5MLCwtpOp3M6SZIr6W7jpXa7fSCzC3lnq9Xa1R8nImf6f3fIEhPpACmoIZjIoNpZZjGYyDLpM7cDAS7WHCAxxIkAWnLCxCAHAmjJARJDnAhMNpHZMIPHWYf9bMdbU+k0vQgm0hFUMMMwkcG0suxCMJFld4D5JxDgYg2JaBFAS1okiYOW0IAWgZWbyGE7j+mRV0ykVntCjIOJDLGrpdSEiSwFO5O6E+BizZ0VI8cTQEsoRIsAWtIiSZyVm0jLbsxO5GdFpO7Ad5OInHcY5zTkxQcf3nrXTTfvee7Vlx91egGDZk7gY7fcfujS668dufuZJ84oTr5ORK4pxpONj7+0V+r1G966fOEpzbjE0iOwZsOWQ29fuXjw4r5tZ/WiirqWFHMjVLUIoKVq9cvnbNGSz92pVm5oqVr98j3bqzbBxCXLQdOYPpmVeyJd4DHmZwTYiUQJSgTYiVQCSZiiCPCJf1Fk44uLluLreVEVo6WiyMYXd7qdSJ7OGp9ipq4YEzk1QgL0P4+QJ5N67QsXfu+XNHe1eYNFYFoE0JIWSeKgJTSgRQAtaZEkznQm0vLjeyJRUS4CmMhcuBg8mgA7kajDcwJcrHneoAqlh5Yq1CzPU0VLnjeoQunlM5EFFMbTWQuA6nVITKTX7alScpjIKnUryly5WIuy7YUUjZYKwRplULQUZdsLKRoTWQhWgo7bPnpSjBxIvv7F7ypiUl8UP/yNn3zFJHJjrSctxTwJpUgAE6kIk1BFEFBfl4pIkpiVIICWKtGmSiSJlirRpkokiYmsRJtCSpKdyJC6WWotmMhS8TP5ZAJcrE1mxAg3AmjJjROjJhNAS5MZMcKNACbSjROj1AhgItVQxh4IExm7Aryvn4s171tUmQTRUmVa5X2iaMn7FlUmQUxkZVoVSqKYyFA6WXodmMjSW0AC4wlwsYZCtAigJS2SxEFLaECLwPQm0n53pIjstBkZYx5qt9uncmTHg3VywApiKCYyiDb6UAQm0ocukMMYAlysIQ8tAmhJiyRx0BIa0CIwnYm0X+8hItvm5ubu73a7d4jISRHZ0Wq1LjhmiIl0BBXMMExkMK0suxBMZNkdYP4JBLhYQyJaBNCSFknioCU0oEVgOhOZ7kJKq9XaNT8/f2uv1ztnjNmTYzcSE6nVyqrEwURWpVPe54mJ9L5FsSfIxVrsCtCrHy3psYw9ElqKXQF69U9nIhuNxvYkSQ7XarXNvV5vPTuRep0JNhImMtjWzrowTOSsiTNfTgJcrOUExvCRBNAS4tAigJa0SBJnOhNp+aVG8tsi8mNrJo8dO/ZKDq7sROaAFcRQTGQQbfShCEykD10ghzEEuFhDHloE0JIWSeKgJTSgRWA6EznmOOsPRaTukOUmETnvMM5pyIsPPrz1rptu3vPcqy8/6vQCBs2cwMduuf3QpddfO3L3M0+cUZx8nYhcU4wnGx9/aa/U6ze8dfnCU5pxiaVHYM2GLYfevnLx4MV9287qRRV1LSnmRqhqEUBL1eqXz9miJZ+7U63c0FK1+uV7tldtgkneLIfdA5k1lY7x2Il0BBXMMHYig2ll2YWwE1l2B5h/AgE+8UciWgTQkhZJ4qAlNKBFoJCdyOPtdvuAY4aYSEdQwQzDRAbTyrILwUSW3QHmx0SigRkR4MJ/RqAjmAYtRdDkGZU4nYlcWFhY2+l0TidJcm+a8NP2Sa05ksdE5oAVxFBMZBBt9KEITKQPXSCHMQS4WEMeWgTQkhZJ4qAlNKBFYDoTqZAFJlIBYqVCYCIr1S6fk8VE+twdchMRLtaQgRYBtKRFkjhoCQ1oEcBEapEkjiMBTKQjKIZNIoCJnESIv5dMgIu1khsQ0PRoKaBmllwKWiq5AQFNj4kMqJnVKAUTWY0+VSBLTGQFmhR3ilysxd1/zerRkibNuGOhpbj7r1k9JlKTJrEcCGAiHSAxxIUAJtKFEmNKJMDFWonwA5saLQXW0BLLQUslwg9sakxkYA31vxxMpP89qkiGmMiKNCreNLlYi7f32pWjJW2i8cZDS/H2Xrvy6U1ko9HYmyTJ/jQzns6q3aLQ4mEiQ+toafVgIktDz8RuBLhYc+PEqMkE0NJkRoxwI4CW3DgxajKB6Uxko9HYniTJ4VqttnnVqlVv2q/7EJEj7Xb71OS5l0bwdFZHUMEMw0QG08qyC8FElt0B5p9AgIs1JKJFAC1pkSQOWkIDWgSmM5HNZvOEMeZkDtM4mDgmUquVVYmDiaxKp7zPExPpfYtiT5CLtdgVoFc/WtJjGXsktBS7AvTqX7mJXFhYWNvtdk+IyCUR+XyaE8dZ9ZoTZiRMZJh9LaEqTGQJ0JkyDwEu1vLQYuw4AmgJfWgRQEtaJIkznYlMj6/K3Nzc/devX1/T6/XOGWP25NiZZCcyNhFiImPreGH1YiILQ0tgHQJcrOlwJIoIWkIFWgTQkhZJ4qiYyOV7IO3xVsu01Wp9VkTqDnw3ich5h3FOQ1588OGtd910857nXn35UacXMGjmBD52y+2HLr3+2pG7n3nijOLk60TkmmI82fj4S3ulXr/hrcsXntKMSyw9Ams2bDn09pWLBy/u23ZWL6qoa0kxN0JViwBaqla/fM4WLfncnWrlhpaq1S/fs71qE0xWkmV6T+Sldrt9wL4+YyJ3OcZjJ9IRVDDD2IkMppVlF8JOZNkdYP4JBPjEH4loEUBLWiSJg5bQgBaBle9E2gzs01lF5BF7nLXb7d4hIs8aY3ZznFWrPwHGwUQG2NRySsJElsOdWZ0JcLHmjIqBfCCBBmZEgHVpRqAjmGY6E5kayeXviTTG7OvvSjrCYyfSEVQwwzCRwbSy7EIwkWV3gPm58EcDMyLAhf+MQEcwDVqKoMkzKnF6EzllopjIKQFW7uWYyMq1zNeEMZG+doa8UgJcrCEFLQJoSYskcdASGtAigInUIkkcRwKYSEdQDJtEABM5iRB/L5kAF2slNyCg6dFSQM0suRS0VHIDApoeExlQM6tRCiayGn2qQJaYyAo0Ke4UuViLu/+a1aMlTZpxx0JLcfdfs3pMpCZNYjkQwEQ6QGKICwFMpAslxpRIQP1i7YGzZ4+UWA9TOxL48y1bHnEc6jpMXUuuEzMuOAJoKbiWllYQJrI09LFOjImMtfPqdWMi1ZESUJeA+sXaA88/b+xXMeumSTRNAkbk7tMf/eiHNWOKiLqWlPMjXHUIoKXq9Mr3TPVMZKPR2Csi2+zXfRw9evQNx8p5sI4jqGCGYSKDaWXZhWAiy+4A808goH6xtmQie70PQd5bAh80tdqnMZHe9ofE+EACDegR0DGRzWbznvQ7Iv8WE6nXnSAjYSKDbGsZRWEiy6DOnPW30RkAABOhSURBVDkIYCJzwApkKCYykEYGXIb6uhQwK0obT2B6E7mwsLC22+2esPMYY9ZiItHcWAKYSASiRAATqQSSMEURUL9YYyeyqFapxcVEqqEkUEEE1NelgvIkrP8EpjeR9hhrkiR3GmMucZzV/46XniEmsvQWhJIAJjKUTgZbh/rFGibSe61gIr1vUfQJqq9L0RONF8B0JnJ+fv7WxcXFp+v1+s7FxcXdmMh4leRcOSbSGRUDxxPARKIQzwmoX6xhIj3vuAgm0vsWRZ+g+roUPdF4AUxnIpvN5gljzMl2u31q4ME6vyAidQeum0TkvMM4pyEvPvjw1rtuunnPc6++/KjTCxg0cwIfu+X2Q5def+3I3c88cUZx8nUick0xnmx8/KW9Uq/f8NblC09pxiWWHoE1G7YcevvKxYMX9207qxdV1LWkmBuhqkVAXUsPPP/8K6+dP/+JamGIJ9sb3/veX51bt+53vrd16wPKVatrSTk/wlWHAFqqTq+qkOlVm2SSN1O7C9nr9c6JyG3Z1xpjfpTjvkiezpoXfNXHsxNZ9Q56kz87kd60gkSGE1D/xJ+dSO+lxk6k9y2KPkH1dSl6ovECmG4nMsuNr/iIV0W5KsdE5sLF4NEEMJGow3MC6hdrmEjPO85xVu8bRIJ85ygaUCOAiVRDSSA3AphIN06MmkgAEzkREQPKJYCJLJd/GbOzE1kGdebMQ0B9XcozOWODIqBnIleIheOsKwRX2ZdhIivbOt8Sx0T61hHyGSCgfrHGTqT3GsNEet+i6BNUX5eiJxovAExkvL0vqXJMZEngw5sWExleTwOrSP1iDRPpvUIwkd63KPoE1del6InGCwATGW/vS6ocE1kS+PCmxUSG19PAKlK/WMNEeq8QTKT3LYo+QfV1KXqi8QLARMbb+5Iqx0SWBD68aatiIs1/3fGCmKQWXgfCqijZ+K0PK1ekfrGGiVTukH44TKQ+UyLqElBdl8w3tnxCesl+3RSJpk7AyNnkU8//oXLc6Uxks9m8R0SeFZGbbGLGmH3tdvtAjiS5JzIHrCCGYiKDaKMPRVTKRPbk6z4wI4cRBJLkyWTjt3J/1dUEnqoXa3YuTKT3CsZEet+i6BNUXZdSE/klSZJW9GR9BdDrfVAkecMrE7mwsLC22+2eEJH9rVbrQmooT4rIDvuzI0tMpCOoYIZhIoNpZdmFVNBE/lXZzJh/pIl8EROJOhQIYCIVIBKiUAJFmcg/KDRrgq+cQK/X9M5EDlZjTWWn0zktImdy7EZiIlcui2q+EhNZzb55mDUm0sOmVDWlJMFEVrV3fuWNifSrH2Tz8wQwkbGpogomcn5+/tZer3fOGLOn3W6fcuwRJtIRVDDDMJHBtLLsQjCRZXcgoPkxkQE1s9RSMJGl4mdyBwKYSAdIQQ2pgolsNpv2aKu0Wq1dOeBjInPACmIoJjKINvpQBCbShy4EkgMmMpBGll4GJrL0FpDABAKYyNgk4ruJtAbSGLN+bm7u/qNHj76Roz+YyBywghiKiQyijT4UgYn0oQuB5ICJDKSRpZeBiSy9BSSAiUQD7yDgq4ns3weZJMmVgR3IdSJSd2jjJhE57zDOaciLDz689a6bbt7z3KsvP+r0AgbNnMDHbrn90KXXXzty9zNPnFGc3OrtmmI82fj4S3ulXr/hrcsXntKMSyw9Ams2bDn09pWLBy/u23ZWL6qoa6lzYfufXfnf/+fE5f/55t8o5kkoRQL3/9P3fC/Z+K1bFUPaUOpaeuD551957fz5TyjnSTglAje+972/Ordu3e98b+vWB5RC9sOoaukXf/F97zq44+//l3KOhFMmcL3X/S//6mtzv6kcVlVLf7lv42/82vob//C5S69z3a3cKK1wm29f87uLi8mbv/yZH/6RVsxMnKv2v1f0aPMVHmHN1sBOZAEd9TokO5Fet6dKybETWaVueZ4rO5GeN6gy6VViJ/Kxx8y7brkq12s9+VBlyEaWaE/kg6Yu/3L+ycRutmj+w3FWTZpViOXjTmT/QToicluWYc7visREVkGAmjliIjVpRh0LExl1+3WLx0Tq8ow3GiYy3t6rVo6JVMUZdzAfTaRSRzCRSiArEwYTWZlW+Z4oJtL3DlUoP0xkhZrldaqYSK/bU53kMJHV6ZX3mWIi3VpkGn/ySektPiaJ4UtP3ZDNfhQmcvbMA50RExloY8soCxNZBvUQ58REhtjVEmrCRJYAPdQpMZFuncVEunEqdRQmslT8IU2OiQypmyXXgoksuQHBTI+JDKaV5RaCiSyXf1CzYyLd2omJdONU6ihMZKn4Q5ocExlSN0uuBRNZcgOCmR4TGUwryy0EE1ku/6Bmx0S6tRMT6cap1FGYyFLxhzQ5JjKkbpZcCyay5AYEMz0mMphWllsIJrJc/kHN7rOJbDQae5Mk2W+BG2Mearfbp3LA58E6OWAFMRQTGUQbfSgCE+lDFwLJARMZSCNLLwMTWXoLwkgAExlGH72owlcT2Wg0tidJcrhWq23u9XrrReSkiOxotVoXHMFhIh1BBTMMExlMK8suBBNZdgcCmh8TGVAzSy0FE1kq/nAmx0SG08vSK/HYRNpdyDtbrdauhYWFtZ1O57SInGm32wccoWEiHUEFMwwTGUwryy4EE1l2BwKaHxMZUDNLLQUTWSr+cCbHRIbTy9Ir8dVENpvNE8aYS33TaH+2sKypdISGiXQEFcwwTGQwrSy7EExk2R0IaH5MZEDNLLUUTGSp+MOZHBMZTi9Lr8RHEzls5xETWbpU/E8AE+l/jyqSISayIo2qQpqYyCp0qQo5YiKr0KUK5IiJrECTqpKijybSshuzE/nvRGS1A9+fisj7HMY5Dfnqpk9+6Hffd9dDj7747ONOL2DQzAkc+tB9D3/z7//m1Gde+PP/PPPJc0z4gX1nfl/etWrVtTOtZ3O8jKEzJHDbrsce/sl/+uY3/+HEY/9thtPmnuq1v/jnX/7BC9fO/MUL117O/WJeMBMChx75tYdv/o3v/JuZTDbFJFu/852Dl48d4/1tCoZFvvQfffCDt9/8679+3w9+67e81tK7331j/cu7/scf/8cLj6KlIgUxRew73vPPbv8n79269V//+1/5whRhCn/pv931/o2/f+8//u1Hv/Xf0VLhtFc2wWe23npf97rp3vOlv/oPK4sw8lXnReSq/WuyksDpk1mnuSfyoyLy/Erm5jUQyBB4T1/IUIHAlATQ0pQAefkyAbSEGLQIoCUtksRBS2hAi8CyllZqIqd9OismUquVccdhUYy7/5rVoyVNmnHHQktx91+zerSkSTPuWGgp7v5rVj+dibSZTPk9kZhIzXbGG4tFMd7ea1eOlrSJxhsPLcXbe+3K0ZI20XjjoaV4e69d+fQmcsqMMJFTAuTlSwRYFBGCFgG0pEWSOGgJDWgRQEtaJImDltCAFgFMpBZJ4pRKgEWxVPxBTY6WgmpnqcWgpVLxBzU5WgqqnaUWg5ZKxR/U5JjIoNoZbzEsivH2XrtytKRNNN54aCne3mtXjpa0icYbDy3F23vtyjGR2kSJVwoBFsVSsAc5KVoKsq2lFIWWSsEe5KRoKci2llIUWioFe5CTYiKDbGt8RbEoxtfzoipGS0WRjS8uWoqv50VVjJaKIhtfXLQUX8+LqhgTWRRZ4s6UAIviTHEHPRlaCrq9My0OLc0Ud9CToaWg2zvT4tDSTHEHPVnpJvLDIvKXQSOmuFkQ+BUReW0WEzFH8ATQUvAtnlmBaGlmqIOfCC0F3+KZFYiWZoY6+ImWtZQEXyoFQgACEIAABCAAAQhAAAIQgIAaAUykGkq3QI1GY2+SJPsHRxtjHmq326fcovxslI0lItvm5ubuP3r06Bt5XsvYahNoNpsnRGRntgpjzL52u31gYWFhbafTOS0iR/JqqtpUyH4Ugb4mkiS50mq1dvXHjfp9No7VmjHm0tzc3FfRFRrLEsjo597+7/vrEKQg4EJgxDXRT0XkvlardcElxqQxjUZju4g8wrXSJFLV/fvANZGqfqpLpfjMMZHFM37HDMOMn13gkiQ5XKvVNh87duwV15Qwka6kwhuXLpjSNwTNZvMeETkpIjtWr179d1zsh9fzaSuan5+/tdfrnTPG7Ol/uOCyhmAipyUf5uv7ehKR8/11aJjGwqyeqrQIjLom0jR9mEitbvkXZ9gHoen10LPGmN18kF5szzCRxfL9uejDFsz0jff7IvJp+8nb4Ke72V3K1HB+W0TsJy32gnAtn67NuIkeTDdoIrO7j3Nzcz/om0i78yQiX6vVah+3H1AMvplm9CTGmB+hJQ+aW2AK2Q+s7DS9Xm953em/8YrITSLy4/6HWqNM5LDxi4uLH+lf/Nn4qQ7P2B3ydPyyFgssk9AzIDDqA4h0Z+lOayzTdWqDiHygv0OZ3THI7lqOet/r68YY89MkSZZ2PFdycmcGSJhiBQSG6Si7VvR6va/YkxCDp2zS9zb7wemSJGq12sO9Xu/LSZKcN8Y00mukpd3Mwfe9URpcQfq8pGQCoz4gyP6+2+3ekX7I3tfKZvtelSSJvZb+mYDS04CpNtaKyGb7Xpi9Lsp8cHab/X2SJPa9cum6fdT7Z8l4Cp8eE1k44ndO4LITmTUI6UXfcXu0I4209OlKxigIF/4zbqIH043YiVy6QF+1atWbLiYys7Au714OHnf0oFRSUCSQ+bDhTJIkd/YvzgZ3kFLjuN6uLd1utzV4nLVer7+Q7moeTw2iPfK6PkmSTxtjvlav15eOWi8uLj5dq9UuPfnkk810LduRPU6rWBqhZkggqyPb/1FTZ3Vkb7nIvv+l68/yboHD+97hrNZ435thwwucasQ10fKtOv31Z4SJzOrHnsZ5VkS+b9eYbNxOp7O1/+FWp9P5XP82oEENFlgmoQsi0P+Qc3Adyp7Oyl47253J7N/SDxneoTcR2WQ/RO31euutpvo7mgNrlL01bY+9Nq/Valeyp3wG172CSvciLCZyxm2YdP5/8GIuu8OUprp8rp8jGjNunkfTjbgncum+2qxmxu1EZt9M0ws87hvxqMdFpZL5xPSn/d3GwSP1w3YCsvdEDuqq/6bc6/X+RZIk1lQcScdss7tQtVrt8+mOwkmOFxXV2dnFHXbf9cDuztKpBmsAbFb2on6Y8exfANbr9ePZi7Aha9jSUf1hu0qzq5qZiiAw4pro505CjNmJXNLFoDHInvCyH3BZE2k/3LIfbInI0ukIW88oE1JErcTUJzCqf9n+p7MuryGDWQzsWg5bs46kH5wun9wZ1Ff2lrSYTt1gIvU1PTbi4KdugztK2e3ybCB77Cf9eflBOpjIGTfPo+nGHGc9M+5iP6sZayKHPORp+c3bo3JJRZnA4Btv9lhzZqqlhxPYi6/BnUg7JvumOfCG2j81YYddrNVq9ueTxphHRGS/1sMylJEQLgeBcTuRgxdkg0cR+0dSM9PZ3Wr7IcM5Eblt8H0vSRK7uzTySH6OtBnqIYFJ92Vn16pxH5AOXriPM5HDNMgJCQ/F4ZBSDhP5jlspBj+I7x9bnbDzvWxEh5jI5aOxadpRPNwHE+kgUs0hgwtmZudx6VjY4P2R2bmH3c+mefO5Zp3EKpbAoIm0s/XvRVq9enVzzHHW5WMbqYlcunep2GyJ7huBYSZy1Foy7J7IUTuRdrcoNZi77b+NMceNMfclSWLvMblz9erVu3iStG9qWFk+Y+6JXD7RMOqCbHA3etz73qA54MPTlfXL11flMZHZk1rj1qDBnckhO5E8udxXQeTMK8c9ke/4ICr7IeikD77syZpJO5GxXotjInMKdtrhee+JzD5lKnMf0h7uiZy2E9V+fc6dyKH30WbviUzfdJfua+Neo2prwyX7QRM5eIw+/UBid3pfyNKDLbI73KPuibTauX79+hp7ZMw+dMDeo2vvKzHGfCV7hMwlR8b4TWDC01n/IXs/bf/oYPb9z+pk8L5aW3H6QJ6l+9vsvUiTHg7mNyWym0TA0UQuvS/Zexvtw1DsQ1BGmEirmaV7Z13uiRzU4KRc+bt/BFyezjrsg6i+icw8Q2Lp+SLjPvhyvScy+/6Z5xsX/KM7OSNM5GRGqiOGLZiD/xMMeUrd0vf/pbtN9utA+tvm9sKMT/dVO1SNYMPuiRSRpwfuPVr6tDVzz4k9XvE1Y8xH+kZx4BgjR1mr0f6psxx2BGjg6XLLR3HyPJ21/4aZfbMdt8s0dSEEKJ3AkGNhy+9XI3SW/Y7bpTXLFjHqfY+dyNJbXGgCk0zkwC0+37NPpM/cc728uzTkKb7L72fjns7af98stEiCF05gYB16x1HSwTVkYK35qb1dzD4ULv3Qc+jTgO21VFaLSZK0jTGbRjydNYqjrLapmMjCpc0EEIAABCAAAQhAAAJFEYjpYSZFMSSuO4GVfr+7+wzVGImJrEafyBICEIAABCAAAQhAYAgBTCSyKJLA4EmJ7PeQFjmv77Exkb53iPwgAAEIQAACEIAABCAAAQh4RAAT6VEzSAUCEIAABCAAAQhAAAIQgIDvBDCRvneI/CAAAQhAAAIQgAAEIAABCHhEABPpUTNIBQIQgAAEIAABCEAAAhCAgO8EMJG+d4j8IAABCEAAAhCAAAQgAAEIeEQAE+lRM0gFAhCAAAQgAAEIQAACEICA7wQwkb53iPwgAAEIQAACEIAABCAAAQh4RAAT6VEzSAUCEIAABCAAAQhAAAIQgIDvBP4f1QCymiwONPYAAAAASUVORK5CYII=